WRN 2026-04-12T11:56:08.361 ?.89066    server_start:197: Failed to start server: operation not permitted: /var/folders/xd/s97tmvk51xq65mwdbq8l7qsh0000gn/T/nvim.justaspolikevicius/OQkHXq/nvim.89066.0
WRN 2026-04-12T12:54:38.130 ?.31269    server_start:197: Failed to start server: operation not permitted: /var/folders/xd/s97tmvk51xq65mwdbq8l7qsh0000gn/T/nvim.justaspolikevicius/Ys8CPz/nvim.31269.0
WRN 2026-04-12T12:54:58.659 ?.31995    server_start:197: Failed to start server: operation not permitted: /var/folders/xd/s97tmvk51xq65mwdbq8l7qsh0000gn/T/nvim.justaspolikevicius/N5qquM/nvim.31995.0
WRN 2026-04-12T12:54:58.659 ?.31996    server_start:197: Failed to start server: operation not permitted: /var/folders/xd/s97tmvk51xq65mwdbq8l7qsh0000gn/T/nvim.justaspolikevicius/EMoc05/nvim.31996.0
WRN 2026-04-12T12:54:58.661 ?.31997    server_start:197: Failed to start server: operation not permitted: /var/folders/xd/s97tmvk51xq65mwdbq8l7qsh0000gn/T/nvim.justaspolikevicius/Lxkwoh/nvim.31997.0
WRN 2026-04-12T12:55:05.196 ?.32088    server_start:197: Failed to start server: operation not permitted: /var/folders/xd/s97tmvk51xq65mwdbq8l7qsh0000gn/T/nvim.justaspolikevicius/HXrSMz/nvim.32088.0
WRN 2026-04-12T12:55:05.196 ?.32089    server_start:197: Failed to start server: operation not permitted: /var/folders/xd/s97tmvk51xq65mwdbq8l7qsh0000gn/T/nvim.justaspolikevicius/Cex7zs/nvim.32089.0
WRN 2026-04-12T12:55:05.200 ?.32090    server_start:197: Failed to start server: operation not permitted: /var/folders/xd/s97tmvk51xq65mwdbq8l7qsh0000gn/T/nvim.justaspolikevicius/e3n0Wm/nvim.32090.0
WRN 2026-04-12T12:57:45.412 ?.38041    server_start:197: Failed to start server: operation not permitted: /var/folders/xd/s97tmvk51xq65mwdbq8l7qsh0000gn/T/nvim.justaspolikevicius/u1jSIb/nvim.38041.0
WRN 2026-04-12T13:00:43.970 ?.44471    server_start:197: Failed to start server: operation not permitted: /var/folders/xd/s97tmvk51xq65mwdbq8l7qsh0000gn/T/nvim.justaspolikevicius/nEUxoU/nvim.44471.0
WRN 2026-04-12T13:00:43.970 ?.44472    server_start:197: Failed to start server: operation not permitted: /var/folders/xd/s97tmvk51xq65mwdbq8l7qsh0000gn/T/nvim.justaspolikevicius/RKlyU1/nvim.44472.0
WRN 2026-04-12T13:05:53.745 ?.48498    server_start:197: Failed to start server: operation not permitted: /var/folders/xd/s97tmvk51xq65mwdbq8l7qsh0000gn/T/nvim.justaspolikevicius/qhmKpl/nvim.48498.0
WRN 2026-04-12T13:05:53.750 ?.48499    server_start:197: Failed to start server: operation not permitted: /var/folders/xd/s97tmvk51xq65mwdbq8l7qsh0000gn/T/nvim.justaspolikevicius/l8sOVf/nvim.48499.0
WRN 2026-04-12T13:05:53.754 ?.48500    server_start:197: Failed to start server: operation not permitted: /var/folders/xd/s97tmvk51xq65mwdbq8l7qsh0000gn/T/nvim.justaspolikevicius/Bc9ugs/nvim.48500.0
WRN 2026-04-12T13:11:09.895 ?.54690    server_start:197: Failed to start server: operation not permitted: /var/folders/xd/s97tmvk51xq65mwdbq8l7qsh0000gn/T/nvim.justaspolikevicius/7ugVbb/nvim.54690.0
WRN 2026-04-12T13:11:09.896 ?.54691    server_start:197: Failed to start server: operation not permitted: /var/folders/xd/s97tmvk51xq65mwdbq8l7qsh0000gn/T/nvim.justaspolikevicius/s303TO/nvim.54691.0
WRN 2026-04-12T13:14:09.372 ?.58196    server_start:197: Failed to start server: operation not permitted: /var/folders/xd/s97tmvk51xq65mwdbq8l7qsh0000gn/T/nvim.justaspolikevicius/wzDbtk/nvim.58196.0
WRN 2026-04-12T13:14:09.392 ?.58197    server_start:197: Failed to start server: operation not permitted: /var/folders/xd/s97tmvk51xq65mwdbq8l7qsh0000gn/T/nvim.justaspolikevicius/Xp2sZH/nvim.58197.0
WRN 2026-04-12T13:14:09.398 ?.58198    server_start:197: Failed to start server: operation not permitted: /var/folders/xd/s97tmvk51xq65mwdbq8l7qsh0000gn/T/nvim.justaspolikevicius/NsEvLC/nvim.58198.0
WRN 2026-04-12T13:15:48.869 ?.61319    server_start:197: Failed to start server: operation not permitted: /var/folders/xd/s97tmvk51xq65mwdbq8l7qsh0000gn/T/nvim.justaspolikevicius/ReZDfJ/nvim.61319.0
WRN 2026-04-12T20:04:28.614 ?.10204    server_start:197: Failed to start server: operation not permitted: /var/folders/xd/s97tmvk51xq65mwdbq8l7qsh0000gn/T/nvim.justaspolikevicius/7eXdWK/nvim.10204.0
WRN 2026-04-12T20:04:35.002 ?.10238    server_start:197: Failed to start server: operation not permitted: /var/folders/xd/s97tmvk51xq65mwdbq8l7qsh0000gn/T/nvim.justaspolikevicius/iOoa55/nvim.10238.0
WRN 2026-04-12T21:15:06.717 ?.21281    server_start:197: Failed to start server: operation not permitted: /var/folders/xd/s97tmvk51xq65mwdbq8l7qsh0000gn/T/nvim.justaspolikevicius/AYYAXl/nvim.21281.0
WRN 2026-04-12T21:15:20.868 ?.21748    server_start:197: Failed to start server: operation not permitted: /var/folders/xd/s97tmvk51xq65mwdbq8l7qsh0000gn/T/nvim.justaspolikevicius/mY1SbT/nvim.21748.0
WRN 2026-04-12T21:15:32.455 ?.21885    server_start:197: Failed to start server: operation not permitted: /var/folders/xd/s97tmvk51xq65mwdbq8l7qsh0000gn/T/nvim.justaspolikevicius/cXktds/nvim.21885.0
WRN 2026-04-12T21:15:32.621 ?.21886    server_start:197: Failed to start server: operation not permitted: /var/folders/xd/s97tmvk51xq65mwdbq8l7qsh0000gn/T/nvim.justaspolikevicius/yn5NFh/nvim.21886.0
WRN 2026-04-12T21:15:36.513 ?.21980    server_start:197: Failed to start server: operation not permitted: /var/folders/xd/s97tmvk51xq65mwdbq8l7qsh0000gn/T/nvim.justaspolikevicius/NQWgyL/nvim.21980.0
WRN 2026-04-12T23:30:46.645 ?.48696    server_start:197: Failed to start server: operation not permitted: /var/folders/xd/s97tmvk51xq65mwdbq8l7qsh0000gn/T/nvim.justaspolikevicius/WSYGLG/nvim.48696.0
WRN 2026-04-12T23:30:46.657 ?.48697    server_start:197: Failed to start server: operation not permitted: /var/folders/xd/s97tmvk51xq65mwdbq8l7qsh0000gn/T/nvim.justaspolikevicius/u9gWii/nvim.48697.0
WRN 2026-04-12T23:30:46.658 ?.48698    server_start:197: Failed to start server: operation not permitted: /var/folders/xd/s97tmvk51xq65mwdbq8l7qsh0000gn/T/nvim.justaspolikevicius/xx4Jah/nvim.48698.0
